<html>
<body>
<pre>
<h1>�Vision Build Log</h1>
<h2>Tool Versions:</h2>
IDE-Version: ��Vision V5.38.0.0
Copyright (C) 2022 ARM Ltd and ARM Germany GmbH. All rights reserved.
License Information: Thomas Hanoch, JXW, LIC=CRMW3-ACKLZ-MSSYP-MGZFY-UFX8L-3UICJ
 
Tool Versions:
Toolchain:       MDK-ARM Professional  Version: 5.38.0.0
Toolchain Path:  C:\Keil_v5\ARM\ARMCLANG\Bin
C Compiler:      ArmClang.exe V6.19
Assembler:       Armasm.exe V6.19
Linker/Locator:  ArmLink.exe V6.19
Library Manager: ArmAr.exe V6.19
Hex Converter:   FromElf.exe V6.19
CPU DLL:         SARMCM3.DLL V5.38.0.0
Dialog DLL:      DCM.DLL V1.17.5.0
Target DLL:      STLink\ST-LINKIII-KEIL_SWO.dll V3.1.0.0
Dialog DLL:      TCM.DLL V1.56.4.0
 
<h2>Project:</h2>
C:\Users\Hanoch\Documents\hanoch sync doc\personal_project\DMA+USART\KEIL\DMA+USART\MDK-ARM\DMA+USART.uvprojx
Project File Date:  02/02/2023

<h2>Output:</h2>
*** Using Compiler 'V6.19', folder: 'C:\Keil_v5\ARM\ARMCLANG\Bin'
Build target 'DMA+USART'
../Core/Src/main.c(91): warning: illegal character encoding in string literal [-Winvalid-source-encoding]
  printf("<D5><E2><CA><C7>һ<B8><F6><C4>ڲ<BF>flash<B6><C1>д<B2><E2><CA><D4>ʵ<D1><E9>\n");
          ^~~~~~~~~~~~~~~~ ~~~~~~~~~~~~ ~~~~     ~~~~~~~~ ~~~~~~~~~~~~~~~~ ~~~~~~~~
../Core/Src/main.c(103): warning: illegal character encoding in string literal [-Winvalid-source-encoding]
    printf("<C4>ڲ<BF>Flash<B2><E2><CA>Գɹ<A6>\r\n");
            ^~~~ ~~~~     ~~~~~~~~~~~~  ~~~~
../Core/Src/main.c(105): warning: implicit conversion from enumeration type 'FlagStatus' to different enumeration type 'GPIO_PinState' [-Wenum-conversion]
    HAL_GPIO_WritePin(GPIOC, GPIO_PIN_13, SET);
    ~~~~~~~~~~~~~~~~~                     ^~~
../Core/Src/main.c(109): warning: illegal character encoding in string literal [-Winvalid-source-encoding]
    printf("<C4>ڲ<BF>flash<B2><E2><CA><D4>ʧ<B0><DC>\r");
            ^~~~ ~~~~     ~~~~~~~~~~~~~~~~ ~~~~~~~~
../Core/Src/main.c(110): warning: implicit conversion from enumeration type 'FlagStatus' to different enumeration type 'GPIO_PinState' [-Wenum-conversion]
    HAL_GPIO_WritePin(GPIOC, GPIO_PIN_13, RESET);
    ~~~~~~~~~~~~~~~~~                     ^~~~~
../Core/Src/main.c(115): warning: illegal character encoding in string literal [-Winvalid-source-encoding]
  printf("<B5><B1>ǰʱ<D6><D3>Ƶ<C2><CA>sysclock=%u", sysclock);
          ^~~~~~~~  ~~~~~~~~ ~~~~~~~~
../Core/Src/main.c(118): warning: illegal character encoding in string literal [-Winvalid-source-encoding]
    printf("<BD><D3><CA>յ<BD><B5><C4><CA><FD><BE>ݣ<BA>%02d\r\n", UartReceiveBuff[i]);
            ^~~~~~~~~~~~ ~~~~~~~~~~~~~~~~~~~~~~~~ ~~~~
7 warnings generated.
compiling main.c...
linking...
Program Size: Code=8972 RO-data=312 RW-data=16 ZI-data=2896  
FromELF: creating hex file...
"DMA+USART\DMA+USART.axf" - 0 Error(s), 7 Warning(s).

<h2>Software Packages used:</h2>

Package Vendor: ARM
                http://www.keil.com/pack/ARM.CMSIS.5.9.0.pack
                ARM.CMSIS.5.9.0
                CMSIS (Common Microcontroller Software Interface Standard)
   * Component: CORE Version: 5.6.0

Package Vendor: Keil
                http://www.keil.com/pack/Keil.STM32F1xx_DFP.2.4.0.pack
                Keil.STM32F1xx_DFP.2.4.0
                STMicroelectronics STM32F1 Series Device Support, Drivers and Examples

<h2>Collection of Component include folders:</h2>
  ./RTE/_DMA_USART
  C:/Users/Hanoch/AppData/Local/Arm/Packs/ARM/CMSIS/5.9.0/CMSIS/Core/Include
  C:/Users/Hanoch/AppData/Local/Arm/Packs/Keil/STM32F1xx_DFP/2.4.0/Device/Include

<h2>Collection of Component Files used:</h2>

   * Component: ARM::CMSIS:CORE:5.6.0
      Include file:  CMSIS/Core/Include/tz_context.h
Build Time Elapsed:  00:00:00
</pre>
</body>
</html>
